[0.750s] Invoking command in '/root/ros_ws/src/py_pubsub': PYTHONPATH=/root/ros_ws/build/py_pubsub/prefix_override:/usr/lib/python3/dist-packages/colcon_core/task/python/colcon_distutils_commands:/root/ros_ws/install/py_pubsub/lib/python3.12/site-packages:${PYTHONPATH} /usr/bin/python3 -W ignore:setup.py install is deprecated -W ignore:easy_install command is deprecated setup.py egg_info --egg-base ../../build/py_pubsub build --build-base /root/ros_ws/build/py_pubsub/build install --record /root/ros_ws/build/py_pubsub/install.log --single-version-externally-managed install_data
[1.007s] running egg_info
[1.007s] creating ../../build/py_pubsub/py_pubsub.egg-info
[1.025s] writing ../../build/py_pubsub/py_pubsub.egg-info/PKG-INFO
[1.025s] writing dependency_links to ../../build/py_pubsub/py_pubsub.egg-info/dependency_links.txt
[1.025s] writing entry points to ../../build/py_pubsub/py_pubsub.egg-info/entry_points.txt
[1.026s] writing requirements to ../../build/py_pubsub/py_pubsub.egg-info/requires.txt
[1.026s] writing top-level names to ../../build/py_pubsub/py_pubsub.egg-info/top_level.txt
[1.026s] writing manifest file '../../build/py_pubsub/py_pubsub.egg-info/SOURCES.txt'
[1.064s] reading manifest file '../../build/py_pubsub/py_pubsub.egg-info/SOURCES.txt'
[1.064s] adding license file 'LICENSE'
[1.065s] writing manifest file '../../build/py_pubsub/py_pubsub.egg-info/SOURCES.txt'
[1.065s] running build
[1.065s] running build_py
[1.065s] creating /root/ros_ws/build/py_pubsub/build
[1.065s] creating /root/ros_ws/build/py_pubsub/build/lib
[1.065s] creating /root/ros_ws/build/py_pubsub/build/lib/py_pubsub
[1.066s] copying py_pubsub/__init__.py -> /root/ros_ws/build/py_pubsub/build/lib/py_pubsub
[1.066s] copying py_pubsub/subscriber_member_function.py -> /root/ros_ws/build/py_pubsub/build/lib/py_pubsub
[1.066s] copying py_pubsub/publisher_member_function.py -> /root/ros_ws/build/py_pubsub/build/lib/py_pubsub
[1.066s] running install
[1.073s] running install_lib
[1.093s] creating /root/ros_ws/install/py_pubsub/lib/python3.12/site-packages/py_pubsub
[1.093s] copying /root/ros_ws/build/py_pubsub/build/lib/py_pubsub/__init__.py -> /root/ros_ws/install/py_pubsub/lib/python3.12/site-packages/py_pubsub
[1.093s] copying /root/ros_ws/build/py_pubsub/build/lib/py_pubsub/subscriber_member_function.py -> /root/ros_ws/install/py_pubsub/lib/python3.12/site-packages/py_pubsub
[1.093s] copying /root/ros_ws/build/py_pubsub/build/lib/py_pubsub/publisher_member_function.py -> /root/ros_ws/install/py_pubsub/lib/python3.12/site-packages/py_pubsub
[1.094s] byte-compiling /root/ros_ws/install/py_pubsub/lib/python3.12/site-packages/py_pubsub/__init__.py to __init__.cpython-312.pyc
[1.094s] byte-compiling /root/ros_ws/install/py_pubsub/lib/python3.12/site-packages/py_pubsub/subscriber_member_function.py to subscriber_member_function.cpython-312.pyc
[1.095s] byte-compiling /root/ros_ws/install/py_pubsub/lib/python3.12/site-packages/py_pubsub/publisher_member_function.py to publisher_member_function.cpython-312.pyc
[1.095s] running install_data
[1.095s] creating /root/ros_ws/install/py_pubsub/share/ament_index
[1.095s] creating /root/ros_ws/install/py_pubsub/share/ament_index/resource_index
[1.095s] creating /root/ros_ws/install/py_pubsub/share/ament_index/resource_index/packages
[1.095s] copying resource/py_pubsub -> /root/ros_ws/install/py_pubsub/share/ament_index/resource_index/packages
[1.096s] copying package.xml -> /root/ros_ws/install/py_pubsub/share/py_pubsub
[1.096s] running install_egg_info
[1.117s] Copying ../../build/py_pubsub/py_pubsub.egg-info to /root/ros_ws/install/py_pubsub/lib/python3.12/site-packages/py_pubsub-0.0.0-py3.12.egg-info
[1.118s] running install_scripts
[1.253s] Installing listener script to /root/ros_ws/install/py_pubsub/lib/py_pubsub
[1.253s] Installing talker script to /root/ros_ws/install/py_pubsub/lib/py_pubsub
[1.253s] writing list of installed files to '/root/ros_ws/build/py_pubsub/install.log'
[1.283s] Invoked command in '/root/ros_ws/src/py_pubsub' returned '0': PYTHONPATH=/root/ros_ws/build/py_pubsub/prefix_override:/usr/lib/python3/dist-packages/colcon_core/task/python/colcon_distutils_commands:/root/ros_ws/install/py_pubsub/lib/python3.12/site-packages:${PYTHONPATH} /usr/bin/python3 -W ignore:setup.py install is deprecated -W ignore:easy_install command is deprecated setup.py egg_info --egg-base ../../build/py_pubsub build --build-base /root/ros_ws/build/py_pubsub/build install --record /root/ros_ws/build/py_pubsub/install.log --single-version-externally-managed install_data
