[0.755s] Invoking command in '/root/ros_ws/src/my_package': PYTHONPATH=/root/ros_ws/build/my_package/prefix_override:/usr/lib/python3/dist-packages/colcon_core/task/python/colcon_distutils_commands:/root/ros_ws/install/my_package/lib/python3.12/site-packages:${PYTHONPATH} /usr/bin/python3 -W ignore:setup.py install is deprecated -W ignore:easy_install command is deprecated setup.py egg_info --egg-base ../../build/my_package build --build-base /root/ros_ws/build/my_package/build install --record /root/ros_ws/build/my_package/install.log --single-version-externally-managed install_data
[1.015s] running egg_info
[1.015s] creating ../../build/my_package/my_package.egg-info
[1.032s] writing ../../build/my_package/my_package.egg-info/PKG-INFO
[1.032s] writing dependency_links to ../../build/my_package/my_package.egg-info/dependency_links.txt
[1.033s] writing requirements to ../../build/my_package/my_package.egg-info/requires.txt
[1.033s] writing top-level names to ../../build/my_package/my_package.egg-info/top_level.txt
[1.033s] writing manifest file '../../build/my_package/my_package.egg-info/SOURCES.txt'
[1.068s] reading manifest file '../../build/my_package/my_package.egg-info/SOURCES.txt'
[1.069s] adding license file 'LICENSE'
[1.069s] writing manifest file '../../build/my_package/my_package.egg-info/SOURCES.txt'
[1.069s] running build
[1.069s] running build_py
[1.069s] creating /root/ros_ws/build/my_package/build
[1.069s] creating /root/ros_ws/build/my_package/build/lib
[1.070s] creating /root/ros_ws/build/my_package/build/lib/my_package
[1.070s] copying my_package/__init__.py -> /root/ros_ws/build/my_package/build/lib/my_package
[1.070s] running install
[1.076s] running install_lib
[1.094s] creating /root/ros_ws/install/my_package/lib/python3.12/site-packages/my_package
[1.094s] copying /root/ros_ws/build/my_package/build/lib/my_package/__init__.py -> /root/ros_ws/install/my_package/lib/python3.12/site-packages/my_package
[1.094s] byte-compiling /root/ros_ws/install/my_package/lib/python3.12/site-packages/my_package/__init__.py to __init__.cpython-312.pyc
[1.095s] running install_data
[1.095s] creating /root/ros_ws/install/my_package/share/ament_index
[1.095s] creating /root/ros_ws/install/my_package/share/ament_index/resource_index
[1.095s] creating /root/ros_ws/install/my_package/share/ament_index/resource_index/packages
[1.095s] copying resource/my_package -> /root/ros_ws/install/my_package/share/ament_index/resource_index/packages
[1.095s] copying package.xml -> /root/ros_ws/install/my_package/share/my_package
[1.095s] running install_egg_info
[1.115s] Copying ../../build/my_package/my_package.egg-info to /root/ros_ws/install/my_package/lib/python3.12/site-packages/my_package-0.0.0-py3.12.egg-info
[1.115s] running install_scripts
[1.242s] writing list of installed files to '/root/ros_ws/build/my_package/install.log'
[1.269s] Invoked command in '/root/ros_ws/src/my_package' returned '0': PYTHONPATH=/root/ros_ws/build/my_package/prefix_override:/usr/lib/python3/dist-packages/colcon_core/task/python/colcon_distutils_commands:/root/ros_ws/install/my_package/lib/python3.12/site-packages:${PYTHONPATH} /usr/bin/python3 -W ignore:setup.py install is deprecated -W ignore:easy_install command is deprecated setup.py egg_info --egg-base ../../build/my_package build --build-base /root/ros_ws/build/my_package/build install --record /root/ros_ws/build/my_package/install.log --single-version-externally-managed install_data
