[0.748s] Invoking command in '/root/ros_ws/src/my_package': PYTHONPATH=/root/ros_ws/build/my_package/prefix_override:/usr/lib/python3/dist-packages/colcon_core/task/python/colcon_distutils_commands:/root/ros_ws/install/my_package/lib/python3.12/site-packages:${PYTHONPATH} /usr/bin/python3 -W ignore:setup.py install is deprecated -W ignore:easy_install command is deprecated setup.py egg_info --egg-base ../../build/my_package build --build-base /root/ros_ws/build/my_package/build install --record /root/ros_ws/build/my_package/install.log --single-version-externally-managed install_data
[1.005s] running egg_info
[1.023s] writing ../../build/my_package/my_package.egg-info/PKG-INFO
[1.023s] writing dependency_links to ../../build/my_package/my_package.egg-info/dependency_links.txt
[1.023s] writing entry points to ../../build/my_package/my_package.egg-info/entry_points.txt
[1.023s] writing requirements to ../../build/my_package/my_package.egg-info/requires.txt
[1.023s] writing top-level names to ../../build/my_package/my_package.egg-info/top_level.txt
[1.059s] reading manifest file '../../build/my_package/my_package.egg-info/SOURCES.txt'
[1.059s] adding license file 'LICENSE'
[1.060s] writing manifest file '../../build/my_package/my_package.egg-info/SOURCES.txt'
[1.060s] running build
[1.060s] running build_py
[1.060s] copying my_package/__init__.py -> /root/ros_ws/build/my_package/build/lib/my_package
[1.060s] copying my_package/my_node.py -> /root/ros_ws/build/my_package/build/lib/my_package
[1.060s] running install
[1.066s] running install_lib
[1.084s] copying /root/ros_ws/build/my_package/build/lib/my_package/__init__.py -> /root/ros_ws/install/my_package/lib/python3.12/site-packages/my_package
[1.084s] copying /root/ros_ws/build/my_package/build/lib/my_package/my_node.py -> /root/ros_ws/install/my_package/lib/python3.12/site-packages/my_package
[1.084s] byte-compiling /root/ros_ws/install/my_package/lib/python3.12/site-packages/my_package/__init__.py to __init__.cpython-312.pyc
[1.085s] byte-compiling /root/ros_ws/install/my_package/lib/python3.12/site-packages/my_package/my_node.py to my_node.cpython-312.pyc
[1.085s] running install_data
[1.085s] copying resource/my_package -> /root/ros_ws/install/my_package/share/ament_index/resource_index/packages
[1.085s] copying package.xml -> /root/ros_ws/install/my_package/share/my_package
[1.085s] running install_egg_info
[1.107s] removing '/root/ros_ws/install/my_package/lib/python3.12/site-packages/my_package-0.0.0-py3.12.egg-info' (and everything under it)
[1.107s] Copying ../../build/my_package/my_package.egg-info to /root/ros_ws/install/my_package/lib/python3.12/site-packages/my_package-0.0.0-py3.12.egg-info
[1.108s] running install_scripts
[1.234s] Installing my_node script to /root/ros_ws/install/my_package/lib/my_package
[1.234s] writing list of installed files to '/root/ros_ws/build/my_package/install.log'
[1.263s] Invoked command in '/root/ros_ws/src/my_package' returned '0': PYTHONPATH=/root/ros_ws/build/my_package/prefix_override:/usr/lib/python3/dist-packages/colcon_core/task/python/colcon_distutils_commands:/root/ros_ws/install/my_package/lib/python3.12/site-packages:${PYTHONPATH} /usr/bin/python3 -W ignore:setup.py install is deprecated -W ignore:easy_install command is deprecated setup.py egg_info --egg-base ../../build/my_package build --build-base /root/ros_ws/build/my_package/build install --record /root/ros_ws/build/my_package/install.log --single-version-externally-managed install_data
