[0.749s] Invoking command in '/root/ros_ws/src/my_package': PYTHONPATH=/root/ros_ws/build/my_package/prefix_override:/usr/lib/python3/dist-packages/colcon_core/task/python/colcon_distutils_commands:/root/ros_ws/install/my_package/lib/python3.12/site-packages:${PYTHONPATH} /usr/bin/python3 -W ignore:setup.py install is deprecated -W ignore:easy_install command is deprecated setup.py egg_info --egg-base ../../build/my_package build --build-base /root/ros_ws/build/my_package/build install --record /root/ros_ws/build/my_package/install.log --single-version-externally-managed install_data
[1.008s] running egg_info
[1.025s] writing ../../build/my_package/my_package.egg-info/PKG-INFO
[1.026s] writing dependency_links to ../../build/my_package/my_package.egg-info/dependency_links.txt
[1.026s] writing requirements to ../../build/my_package/my_package.egg-info/requires.txt
[1.026s] writing top-level names to ../../build/my_package/my_package.egg-info/top_level.txt
[1.061s] reading manifest file '../../build/my_package/my_package.egg-info/SOURCES.txt'
[1.062s] adding license file 'LICENSE'
[1.062s] writing manifest file '../../build/my_package/my_package.egg-info/SOURCES.txt'
[1.062s] running build
[1.062s] running build_py
[1.063s] running install
[1.069s] running install_lib
[1.087s] running install_data
[1.087s] running install_egg_info
[1.106s] removing '/root/ros_ws/install/my_package/lib/python3.12/site-packages/my_package-0.0.0-py3.12.egg-info' (and everything under it)
[1.106s] Copying ../../build/my_package/my_package.egg-info to /root/ros_ws/install/my_package/lib/python3.12/site-packages/my_package-0.0.0-py3.12.egg-info
[1.107s] running install_scripts
[1.233s] writing list of installed files to '/root/ros_ws/build/my_package/install.log'
[1.260s] Invoked command in '/root/ros_ws/src/my_package' returned '0': PYTHONPATH=/root/ros_ws/build/my_package/prefix_override:/usr/lib/python3/dist-packages/colcon_core/task/python/colcon_distutils_commands:/root/ros_ws/install/my_package/lib/python3.12/site-packages:${PYTHONPATH} /usr/bin/python3 -W ignore:setup.py install is deprecated -W ignore:easy_install command is deprecated setup.py egg_info --egg-base ../../build/my_package build --build-base /root/ros_ws/build/my_package/build install --record /root/ros_ws/build/my_package/install.log --single-version-externally-managed install_data
